[dotenv@17.3.1] injecting env (4) from .env -- tip: ΓÜÖ∩╕Å  specify custom .env file path with { path: '/custom/path/.env' }
Testing SRV resolution with 8.8.8.8 (_mongodb._tcp.bathnbody.yvhan.mongodb.net)...
SRV Resolution Success: [
  {
    name: 'bathnbody-shard-00-01.yvhan.mongodb.net',
    port: 27017,
    priority: 0,
    weight: 0,
    type: 'SRV'
  },
  {
    name: 'bathnbody-shard-00-00.yvhan.mongodb.net',
    port: 27017,
    priority: 0,
    weight: 0,
    type: 'SRV'
  },
  {
    name: 'bathnbody-shard-00-02.yvhan.mongodb.net',
    port: 27017,
    priority: 0,
    weight: 0,
    type: 'SRV'
  }
]
Testing MONGO_URI: mongodb+srv:****@finsmart.smdhxyu.mongodb.net/?appName=Finsmart
Attempting connection...
SUCCESS: Connected to MongoDB!
